{
  "cniVersion": "0.3.1",
  "name": "kindnet",
  "plugins": [
    {
      "ipMasq": false,
      "ipam": {
        "dataDir": "/run/cni-ipam-state",
        "ranges": [
          [
            {
              "subnet": "10.244.0.0/24"
            }
          ]
        ],
        "routes": [
          {
            "dst": "0.0.0.0/0"
          }
        ],
        "type": "host-local"
      },
      "mtu": 1500,
      "type": "ptp"
    },
    {
      "capabilities": {
        "portMappings": true
      },
      "type": "portmap"
    },
    {
      "autorotate_token": true,
      "cni_bin_dir": "/opt/cni/bin",
      "cni_host_token_path": "/etc/cni/net.d/cni-host-token",
      "cni_net_dir": "/etc/cni/net.d",
      "cni_token_path": "/var/run/secrets/kubernetes.io/serviceaccount/token",
      "kubeconfig": "ZZZ-consul-cni-kubeconfig",
      "log_level": "info",
      "multus": false,
      "name": "consul-cni",
      "type": "consul-cni"
    }
  ]
}
